Archive member included because of file (symbol)

c:/gccavr/bin/../lib/gcc/arm-none-eabi/4.9.3/armv6-m\libgcc.a(_thumb1_case_uqi.o)
                              ..\obj\main.o (__gnu_thumb1_case_uqi)
c:/gccavr/bin/../lib/gcc/arm-none-eabi/4.9.3/armv6-m\libgcc.a(_udivsi3.o)
                              ..\obj\stm32f0xx_rcc.o (__aeabi_uidiv)
c:/gccavr/bin/../lib/gcc/arm-none-eabi/4.9.3/armv6-m\libgcc.a(_divsi3.o)
                              ..\obj\bmp180.o (__aeabi_idiv)
c:/gccavr/bin/../lib/gcc/arm-none-eabi/4.9.3/armv6-m\libgcc.a(_dvmd_tls.o)
                              c:/gccavr/bin/../lib/gcc/arm-none-eabi/4.9.3/armv6-m\libgcc.a(_udivsi3.o) (__aeabi_idiv0)
c:/gccavr/bin/../lib/gcc/arm-none-eabi/4.9.3/armv6-m\libgcc.a(_fixunssfsi.o)
                              ..\obj\main.o (__aeabi_f2uiz)
c:/gccavr/bin/../lib/gcc/arm-none-eabi/4.9.3/armv6-m\libgcc.a(mulsf3.o)
                              ..\obj\main.o (__aeabi_fmul)
c:/gccavr/bin/../lib/gcc/arm-none-eabi/4.9.3/armv6-m\libgcc.a(subsf3.o)
                              c:/gccavr/bin/../lib/gcc/arm-none-eabi/4.9.3/armv6-m\libgcc.a(_fixunssfsi.o) (__aeabi_fsub)
c:/gccavr/bin/../lib/gcc/arm-none-eabi/4.9.3/armv6-m\libgcc.a(fixsfsi.o)
                              c:/gccavr/bin/../lib/gcc/arm-none-eabi/4.9.3/armv6-m\libgcc.a(_fixunssfsi.o) (__aeabi_f2iz)
c:/gccavr/bin/../lib/gcc/arm-none-eabi/4.9.3/armv6-m\libgcc.a(floatsisf.o)
                              ..\obj\main.o (__aeabi_i2f)
c:/gccavr/bin/../lib/gcc/arm-none-eabi/4.9.3/armv6-m\libgcc.a(_arm_cmpsf2.o)
                              c:/gccavr/bin/../lib/gcc/arm-none-eabi/4.9.3/armv6-m\libgcc.a(_fixunssfsi.o) (__aeabi_fcmpge)
c:/gccavr/bin/../lib/gcc/arm-none-eabi/4.9.3/armv6-m\libgcc.a(_clzsi2.o)
                              c:/gccavr/bin/../lib/gcc/arm-none-eabi/4.9.3/armv6-m\libgcc.a(mulsf3.o) (__clzsi2)
c:/gccavr/bin/../lib/gcc/arm-none-eabi/4.9.3/armv6-m\libgcc.a(eqsf2.o)
                              c:/gccavr/bin/../lib/gcc/arm-none-eabi/4.9.3/armv6-m\libgcc.a(_arm_cmpsf2.o) (__eqsf2)
c:/gccavr/bin/../lib/gcc/arm-none-eabi/4.9.3/armv6-m\libgcc.a(gesf2.o)
                              c:/gccavr/bin/../lib/gcc/arm-none-eabi/4.9.3/armv6-m\libgcc.a(_arm_cmpsf2.o) (__gesf2)
c:/gccavr/bin/../lib/gcc/arm-none-eabi/4.9.3/armv6-m\libgcc.a(lesf2.o)
                              c:/gccavr/bin/../lib/gcc/arm-none-eabi/4.9.3/armv6-m\libgcc.a(_arm_cmpsf2.o) (__lesf2)
c:/gccavr/bin/../lib/gcc/arm-none-eabi/4.9.3/../../../../arm-none-eabi/lib/armv6-m\libg.a(lib_a-itoa.o)
                              ..\obj\main.o (itoa)
c:/gccavr/bin/../lib/gcc/arm-none-eabi/4.9.3/../../../../arm-none-eabi/lib/armv6-m\libg.a(lib_a-strstr.o)
                              ..\obj\main.o (strstr)
c:/gccavr/bin/../lib/gcc/arm-none-eabi/4.9.3/../../../../arm-none-eabi/lib/armv6-m\libg.a(lib_a-utoa.o)
                              c:/gccavr/bin/../lib/gcc/arm-none-eabi/4.9.3/../../../../arm-none-eabi/lib/armv6-m\libg.a(lib_a-itoa.o) (__utoa)
c:/gccavr/bin/../lib/gcc/arm-none-eabi/4.9.3/../../../../arm-none-eabi/lib/armv6-m\libg.a(lib_a-memchr.o)
                              c:/gccavr/bin/../lib/gcc/arm-none-eabi/4.9.3/../../../../arm-none-eabi/lib/armv6-m\libg.a(lib_a-strstr.o) (memchr)
c:/gccavr/bin/../lib/gcc/arm-none-eabi/4.9.3/../../../../arm-none-eabi/lib/armv6-m\libg.a(lib_a-memcmp.o)
                              c:/gccavr/bin/../lib/gcc/arm-none-eabi/4.9.3/../../../../arm-none-eabi/lib/armv6-m\libg.a(lib_a-strstr.o) (memcmp)
c:/gccavr/bin/../lib/gcc/arm-none-eabi/4.9.3/../../../../arm-none-eabi/lib/armv6-m\libg.a(lib_a-strchr.o)
                              c:/gccavr/bin/../lib/gcc/arm-none-eabi/4.9.3/../../../../arm-none-eabi/lib/armv6-m\libg.a(lib_a-strstr.o) (strchr)

Allocating common symbols
Common symbol       size              file

rxbuf               0xfa              ..\obj\main.o
fac_ms              0x2               ..\obj\delay.o
rxbuf_index         0x2               ..\obj\main.o
MD                  0x2               ..\obj\bmp180.o
AC1                 0x2               ..\obj\bmp180.o
AC6                 0x2               ..\obj\bmp180.o
vals                0x5               ..\obj\main.o
AC5                 0x2               ..\obj\bmp180.o
B5                  0x4               ..\obj\bmp180.o
AC4                 0x2               ..\obj\bmp180.o
fcastt              0x14              ..\obj\main.o
fac_us              0x1               ..\obj\delay.o
MB                  0x2               ..\obj\bmp180.o
AC2                 0x2               ..\obj\bmp180.o
AC3                 0x2               ..\obj\bmp180.o
B2                  0x2               ..\obj\bmp180.o
B1                  0x2               ..\obj\bmp180.o
MC                  0x2               ..\obj\bmp180.o

Discarded input sections

 .text          0x00000000        0x0 ..\obj\pcd8544.o
 .data          0x00000000        0x0 ..\obj\pcd8544.o
 .bss           0x00000000        0x0 ..\obj\pcd8544.o
 .text          0x00000000        0x0 ..\obj\delay.o
 .data          0x00000000        0x0 ..\obj\delay.o
 .bss           0x00000000        0x0 ..\obj\delay.o
 .text          0x00000000        0x0 ..\obj\stm32f0xx_rcc.o
 .bss           0x00000000        0x0 ..\obj\stm32f0xx_rcc.o
 .text.RCC_DeInit
                0x00000000       0x60 ..\obj\stm32f0xx_rcc.o
 .text.RCC_HSEConfig
                0x00000000       0x10 ..\obj\stm32f0xx_rcc.o
 .text.RCC_AdjustHSICalibrationValue
                0x00000000       0x14 ..\obj\stm32f0xx_rcc.o
 .text.RCC_HSICmd
                0x00000000       0x18 ..\obj\stm32f0xx_rcc.o
 .text.RCC_AdjustHSI14CalibrationValue
                0x00000000       0x14 ..\obj\stm32f0xx_rcc.o
 .text.RCC_HSI14Cmd
                0x00000000       0x18 ..\obj\stm32f0xx_rcc.o
 .text.RCC_HSI14ADCRequestCmd
                0x00000000       0x18 ..\obj\stm32f0xx_rcc.o
 .text.RCC_LSEConfig
                0x00000000       0x20 ..\obj\stm32f0xx_rcc.o
 .text.RCC_LSEDriveConfig
                0x00000000       0x18 ..\obj\stm32f0xx_rcc.o
 .text.RCC_LSICmd
                0x00000000       0x18 ..\obj\stm32f0xx_rcc.o
 .text.RCC_PLLConfig
                0x00000000       0x20 ..\obj\stm32f0xx_rcc.o
 .text.RCC_PLLCmd
                0x00000000       0x24 ..\obj\stm32f0xx_rcc.o
 .text.RCC_PREDIV1Config
                0x00000000       0x14 ..\obj\stm32f0xx_rcc.o
 .text.RCC_ClockSecuritySystemCmd
                0x00000000       0x24 ..\obj\stm32f0xx_rcc.o
 .text.RCC_MCOConfig
                0x00000000       0x1c ..\obj\stm32f0xx_rcc.o
 .text.RCC_SYSCLKConfig
                0x00000000       0x14 ..\obj\stm32f0xx_rcc.o
 .text.RCC_GetSYSCLKSource
                0x00000000       0x10 ..\obj\stm32f0xx_rcc.o
 .text.RCC_HCLKConfig
                0x00000000       0x14 ..\obj\stm32f0xx_rcc.o
 .text.RCC_PCLKConfig
                0x00000000       0x18 ..\obj\stm32f0xx_rcc.o
 .text.RCC_ADCCLKConfig
                0x00000000       0x30 ..\obj\stm32f0xx_rcc.o
 .text.RCC_CECCLKConfig
                0x00000000       0x18 ..\obj\stm32f0xx_rcc.o
 .text.RCC_I2CCLKConfig
                0x00000000       0x18 ..\obj\stm32f0xx_rcc.o
 .text.RCC_USARTCLKConfig
                0x00000000       0x18 ..\obj\stm32f0xx_rcc.o
 .text.RCC_RTCCLKConfig
                0x00000000       0x10 ..\obj\stm32f0xx_rcc.o
 .text.RCC_RTCCLKCmd
                0x00000000       0x24 ..\obj\stm32f0xx_rcc.o
 .text.RCC_BackupResetCmd
                0x00000000       0x24 ..\obj\stm32f0xx_rcc.o
 .text.RCC_AHBPeriphResetCmd
                0x00000000       0x18 ..\obj\stm32f0xx_rcc.o
 .text.RCC_APB2PeriphResetCmd
                0x00000000       0x18 ..\obj\stm32f0xx_rcc.o
 .text.RCC_APB1PeriphResetCmd
                0x00000000       0x18 ..\obj\stm32f0xx_rcc.o
 .text.RCC_ITConfig
                0x00000000       0x18 ..\obj\stm32f0xx_rcc.o
 .text.RCC_GetFlagStatus
                0x00000000       0x2c ..\obj\stm32f0xx_rcc.o
 .text.RCC_WaitForHSEStartUp
                0x00000000       0x2e ..\obj\stm32f0xx_rcc.o
 .text.RCC_ClearFlag
                0x00000000       0x14 ..\obj\stm32f0xx_rcc.o
 .text.RCC_GetITStatus
                0x00000000       0x14 ..\obj\stm32f0xx_rcc.o
 .text.RCC_ClearITPendingBit
                0x00000000        0xc ..\obj\stm32f0xx_rcc.o
 .text          0x00000000        0x0 ..\obj\soft1w.o
 .data          0x00000000        0x0 ..\obj\soft1w.o
 .bss           0x00000000        0x0 ..\obj\soft1w.o
 .text          0x00000000        0x0 ..\obj\bmp180.o
 .data          0x00000000        0x0 ..\obj\bmp180.o
 .bss           0x00000000        0x0 ..\obj\bmp180.o
 .text.Bmp180CheckCID
                0x00000000       0x12 ..\obj\bmp180.o
 .text          0x00000000        0x0 ..\obj\main.o
 .text.Status_LED_ON
                0x00000000        0xe ..\obj\main.o
 .text.Status_LED_OFF
                0x00000000        0xe ..\obj\main.o
 .text          0x00000000       0x14 ..\obj\startup_stm32f0xx.o
 .data          0x00000000        0x0 ..\obj\startup_stm32f0xx.o
 .bss           0x00000000        0x0 ..\obj\startup_stm32f0xx.o
 .text          0x00000000        0x0 ..\obj\stm32f0xx_spi.o
 .data          0x00000000        0x0 ..\obj\stm32f0xx_spi.o
 .bss           0x00000000        0x0 ..\obj\stm32f0xx_spi.o
 .text.SPI_I2S_DeInit
                0x00000000       0x44 ..\obj\stm32f0xx_spi.o
 .text.SPI_StructInit
                0x00000000       0x1c ..\obj\stm32f0xx_spi.o
 .text.I2S_StructInit
                0x00000000       0x12 ..\obj\stm32f0xx_spi.o
 .text.I2S_Init
                0x00000000       0x9c ..\obj\stm32f0xx_spi.o
 .text.SPI_TIModeCmd
                0x00000000       0x12 ..\obj\stm32f0xx_spi.o
 .text.I2S_Cmd  0x00000000       0x1c ..\obj\stm32f0xx_spi.o
 .text.SPI_DataSizeConfig
                0x00000000       0x10 ..\obj\stm32f0xx_spi.o
 .text.SPI_RxFIFOThresholdConfig
                0x00000000       0x14 ..\obj\stm32f0xx_spi.o
 .text.SPI_BiDirectionalLineConfig
                0x00000000       0x20 ..\obj\stm32f0xx_spi.o
 .text.SPI_NSSInternalSoftwareConfig
                0x00000000       0x24 ..\obj\stm32f0xx_spi.o
 .text.SPI_SSOutputCmd
                0x00000000       0x12 ..\obj\stm32f0xx_spi.o
 .text.SPI_NSSPulseModeCmd
                0x00000000       0x12 ..\obj\stm32f0xx_spi.o
 .text.SPI_I2S_SendData16
                0x00000000        0x4 ..\obj\stm32f0xx_spi.o
 .text.SPI_ReceiveData8
                0x00000000        0x6 ..\obj\stm32f0xx_spi.o
 .text.SPI_I2S_ReceiveData16
                0x00000000        0x6 ..\obj\stm32f0xx_spi.o
 .text.SPI_CRCLengthConfig
                0x00000000       0x14 ..\obj\stm32f0xx_spi.o
 .text.SPI_CalculateCRC
                0x00000000       0x1c ..\obj\stm32f0xx_spi.o
 .text.SPI_TransmitCRC
                0x00000000        0xc ..\obj\stm32f0xx_spi.o
 .text.SPI_GetCRC
                0x00000000        0xe ..\obj\stm32f0xx_spi.o
 .text.SPI_GetCRCPolynomial
                0x00000000        0x6 ..\obj\stm32f0xx_spi.o
 .text.SPI_I2S_DMACmd
                0x00000000       0x12 ..\obj\stm32f0xx_spi.o
 .text.SPI_LastDMATransferCmd
                0x00000000       0x14 ..\obj\stm32f0xx_spi.o
 .text.SPI_I2S_ITConfig
                0x00000000       0x1a ..\obj\stm32f0xx_spi.o
 .text.SPI_GetTransmissionFIFOStatus
                0x00000000        0xa ..\obj\stm32f0xx_spi.o
 .text.SPI_GetReceptionFIFOStatus
                0x00000000        0xa ..\obj\stm32f0xx_spi.o
 .text.SPI_I2S_ClearFlag
                0x00000000        0x8 ..\obj\stm32f0xx_spi.o
 .text.SPI_I2S_GetITStatus
                0x00000000       0x2a ..\obj\stm32f0xx_spi.o
 .text          0x00000000        0x0 ..\obj\stm32f0xx_i2c.o
 .data          0x00000000        0x0 ..\obj\stm32f0xx_i2c.o
 .bss           0x00000000        0x0 ..\obj\stm32f0xx_i2c.o
 .text.I2C_DeInit
                0x00000000       0x34 ..\obj\stm32f0xx_i2c.o
 .text.I2C_StructInit
                0x00000000       0x16 ..\obj\stm32f0xx_i2c.o
 .text.I2C_SoftwareResetCmd
                0x00000000       0x12 ..\obj\stm32f0xx_i2c.o
 .text.I2C_ITConfig
                0x00000000       0x12 ..\obj\stm32f0xx_i2c.o
 .text.I2C_StretchClockCmd
                0x00000000       0x1c ..\obj\stm32f0xx_i2c.o
 .text.I2C_StopModeCmd
                0x00000000       0x1c ..\obj\stm32f0xx_i2c.o
 .text.I2C_DualAddressCmd
                0x00000000       0x1c ..\obj\stm32f0xx_i2c.o
 .text.I2C_OwnAddress2Config
                0x00000000       0x28 ..\obj\stm32f0xx_i2c.o
 .text.I2C_GeneralCallCmd
                0x00000000       0x1c ..\obj\stm32f0xx_i2c.o
 .text.I2C_SlaveByteControlCmd
                0x00000000       0x1c ..\obj\stm32f0xx_i2c.o
 .text.I2C_SlaveAddressConfig
                0x00000000       0x10 ..\obj\stm32f0xx_i2c.o
 .text.I2C_10BitAddressingModeCmd
                0x00000000       0x1c ..\obj\stm32f0xx_i2c.o
 .text.I2C_AutoEndCmd
                0x00000000       0x1c ..\obj\stm32f0xx_i2c.o
 .text.I2C_ReloadCmd
                0x00000000       0x1c ..\obj\stm32f0xx_i2c.o
 .text.I2C_NumberOfBytesConfig
                0x00000000       0x14 ..\obj\stm32f0xx_i2c.o
 .text.I2C_MasterRequestConfig
                0x00000000       0x1c ..\obj\stm32f0xx_i2c.o
 .text.I2C_GenerateSTART
                0x00000000       0x1c ..\obj\stm32f0xx_i2c.o
 .text.I2C_GenerateSTOP
                0x00000000       0x1c ..\obj\stm32f0xx_i2c.o
 .text.I2C_10BitAddressHeaderCmd
                0x00000000       0x1c ..\obj\stm32f0xx_i2c.o
 .text.I2C_AcknowledgeConfig
                0x00000000       0x1c ..\obj\stm32f0xx_i2c.o
 .text.I2C_GetAddressMatched
                0x00000000        0xc ..\obj\stm32f0xx_i2c.o
 .text.I2C_GetTransferDirection
                0x00000000        0xa ..\obj\stm32f0xx_i2c.o
 .text.I2C_SMBusAlertCmd
                0x00000000       0x1c ..\obj\stm32f0xx_i2c.o
 .text.I2C_ClockTimeoutCmd
                0x00000000       0x1c ..\obj\stm32f0xx_i2c.o
 .text.I2C_ExtendedClockTimeoutCmd
                0x00000000       0x16 ..\obj\stm32f0xx_i2c.o
 .text.I2C_IdleClockTimeoutCmd
                0x00000000       0x1c ..\obj\stm32f0xx_i2c.o
 .text.I2C_TimeoutAConfig
                0x00000000       0x10 ..\obj\stm32f0xx_i2c.o
 .text.I2C_TimeoutBConfig
                0x00000000       0x1c ..\obj\stm32f0xx_i2c.o
 .text.I2C_CalculatePEC
                0x00000000       0x1c ..\obj\stm32f0xx_i2c.o
 .text.I2C_PECRequestCmd
                0x00000000       0x1c ..\obj\stm32f0xx_i2c.o
 .text.I2C_GetPEC
                0x00000000        0x6 ..\obj\stm32f0xx_i2c.o
 .text.I2C_ReadRegister
                0x00000000       0x16 ..\obj\stm32f0xx_i2c.o
 .text.I2C_DMACmd
                0x00000000       0x12 ..\obj\stm32f0xx_i2c.o
 .text.I2C_GetITStatus
                0x00000000       0x30 ..\obj\stm32f0xx_i2c.o
 .text.I2C_ClearITPendingBit
                0x00000000        0x4 ..\obj\stm32f0xx_i2c.o
 .text          0x00000000        0x0 ..\obj\system_stm32f0xx_temp.o
 .data          0x00000000       0x14 ..\obj\system_stm32f0xx_temp.o
 .bss           0x00000000        0x0 ..\obj\system_stm32f0xx_temp.o
 .text.SystemCoreClockUpdate1
                0x00000000       0x64 ..\obj\system_stm32f0xx_temp.o
 .text          0x00000000        0x0 ..\obj\stm32f0xx_gpio.o
 .data          0x00000000        0x0 ..\obj\stm32f0xx_gpio.o
 .bss           0x00000000        0x0 ..\obj\stm32f0xx_gpio.o
 .text.GPIO_DeInit
                0x00000000       0x88 ..\obj\stm32f0xx_gpio.o
 .text.GPIO_PinLockConfig
                0x00000000       0x24 ..\obj\stm32f0xx_gpio.o
 .text.GPIO_ReadInputData
                0x00000000        0x6 ..\obj\stm32f0xx_gpio.o
 .text.GPIO_ReadOutputDataBit
                0x00000000        0xc ..\obj\stm32f0xx_gpio.o
 .text.GPIO_ReadOutputData
                0x00000000        0x6 ..\obj\stm32f0xx_gpio.o
 .text.GPIO_WriteBit
                0x00000000        0xc ..\obj\stm32f0xx_gpio.o
 .text.GPIO_Write
                0x00000000        0x4 ..\obj\stm32f0xx_gpio.o
 .text          0x00000000        0x0 ..\obj\stm32f0xx_usart.o
 .data          0x00000000        0x0 ..\obj\stm32f0xx_usart.o
 .bss           0x00000000        0x0 ..\obj\stm32f0xx_usart.o
 .text.USART_DeInit
                0x00000000       0x44 ..\obj\stm32f0xx_usart.o
 .text.USART_StructInit
                0x00000000       0x16 ..\obj\stm32f0xx_usart.o
 .text.USART_ClockInit
                0x00000000       0x20 ..\obj\stm32f0xx_usart.o
 .text.USART_ClockStructInit
                0x00000000        0xc ..\obj\stm32f0xx_usart.o
 .text.USART_DirectionModeCmd
                0x00000000       0x12 ..\obj\stm32f0xx_usart.o
 .text.USART_OverSampling8Cmd
                0x00000000       0x1c ..\obj\stm32f0xx_usart.o
 .text.USART_OneBitMethodCmd
                0x00000000       0x1c ..\obj\stm32f0xx_usart.o
 .text.USART_MSBFirstCmd
                0x00000000       0x1c ..\obj\stm32f0xx_usart.o
 .text.USART_DataInvCmd
                0x00000000       0x1c ..\obj\stm32f0xx_usart.o
 .text.USART_InvPinCmd
                0x00000000       0x12 ..\obj\stm32f0xx_usart.o
 .text.USART_SWAPPinCmd
                0x00000000       0x1c ..\obj\stm32f0xx_usart.o
 .text.USART_ReceiverTimeOutCmd
                0x00000000       0x1c ..\obj\stm32f0xx_usart.o
 .text.USART_SetReceiverTimeOut
                0x00000000       0x10 ..\obj\stm32f0xx_usart.o
 .text.USART_SetPrescaler
                0x00000000       0x10 ..\obj\stm32f0xx_usart.o
 .text.USART_STOPModeCmd
                0x00000000       0x12 ..\obj\stm32f0xx_usart.o
 .text.USART_StopModeWakeUpSourceConfig
                0x00000000       0x14 ..\obj\stm32f0xx_usart.o
 .text.USART_AutoBaudRateCmd
                0x00000000       0x1c ..\obj\stm32f0xx_usart.o
 .text.USART_AutoBaudRateConfig
                0x00000000       0x14 ..\obj\stm32f0xx_usart.o
 .text.USART_SetAddress
                0x00000000       0x12 ..\obj\stm32f0xx_usart.o
 .text.USART_MuteModeCmd
                0x00000000       0x1c ..\obj\stm32f0xx_usart.o
 .text.USART_MuteModeWakeUpConfig
                0x00000000       0x14 ..\obj\stm32f0xx_usart.o
 .text.USART_AddressDetectionConfig
                0x00000000       0x10 ..\obj\stm32f0xx_usart.o
 .text.USART_LINBreakDetectLengthConfig
                0x00000000       0x10 ..\obj\stm32f0xx_usart.o
 .text.USART_LINCmd
                0x00000000       0x1c ..\obj\stm32f0xx_usart.o
 .text.USART_HalfDuplexCmd
                0x00000000       0x12 ..\obj\stm32f0xx_usart.o
 .text.USART_SetGuardTime
                0x00000000       0x10 ..\obj\stm32f0xx_usart.o
 .text.USART_SmartCardCmd
                0x00000000       0x12 ..\obj\stm32f0xx_usart.o
 .text.USART_SmartCardNACKCmd
                0x00000000       0x12 ..\obj\stm32f0xx_usart.o
 .text.USART_SetAutoRetryCount
                0x00000000       0x18 ..\obj\stm32f0xx_usart.o
 .text.USART_SetBlockLength
                0x00000000       0x12 ..\obj\stm32f0xx_usart.o
 .text.USART_IrDAConfig
                0x00000000       0x10 ..\obj\stm32f0xx_usart.o
 .text.USART_IrDACmd
                0x00000000       0x12 ..\obj\stm32f0xx_usart.o
 .text.USART_DECmd
                0x00000000       0x1c ..\obj\stm32f0xx_usart.o
 .text.USART_DEPolarityConfig
                0x00000000       0x14 ..\obj\stm32f0xx_usart.o
 .text.USART_SetDEAssertionTime
                0x00000000       0x18 ..\obj\stm32f0xx_usart.o
 .text.USART_SetDEDeassertionTime
                0x00000000       0x18 ..\obj\stm32f0xx_usart.o
 .text.USART_DMACmd
                0x00000000       0x12 ..\obj\stm32f0xx_usart.o
 .text.USART_DMAReceptionErrorConfig
                0x00000000       0x14 ..\obj\stm32f0xx_usart.o
 .text.USART_RequestCmd
                0x00000000       0x14 ..\obj\stm32f0xx_usart.o
 .text.USART_OverrunDetectionConfig
                0x00000000       0x14 ..\obj\stm32f0xx_usart.o
 .text.USART_ClearFlag
                0x00000000        0x4 ..\obj\stm32f0xx_usart.o
 .text          0x00000000        0x0 ..\obj\stm32f0xx_tim.o
 .data          0x00000000        0x0 ..\obj\stm32f0xx_tim.o
 .bss           0x00000000        0x0 ..\obj\stm32f0xx_tim.o
 .text.TI1_Config
                0x00000000       0x2a ..\obj\stm32f0xx_tim.o
 .text.TI2_Config
                0x00000000       0x38 ..\obj\stm32f0xx_tim.o
 .text.TIM_DeInit
                0x00000000       0xd0 ..\obj\stm32f0xx_tim.o
 .text.TIM_TimeBaseStructInit
                0x00000000       0x12 ..\obj\stm32f0xx_tim.o
 .text.TIM_PrescalerConfig
                0x00000000        0x6 ..\obj\stm32f0xx_tim.o
 .text.TIM_CounterModeConfig
                0x00000000        0xc ..\obj\stm32f0xx_tim.o
 .text.TIM_SetAutoreload
                0x00000000        0x4 ..\obj\stm32f0xx_tim.o
 .text.TIM_GetCounter
                0x00000000        0x4 ..\obj\stm32f0xx_tim.o
 .text.TIM_GetPrescaler
                0x00000000        0x6 ..\obj\stm32f0xx_tim.o
 .text.TIM_UpdateDisableConfig
                0x00000000       0x12 ..\obj\stm32f0xx_tim.o
 .text.TIM_UpdateRequestConfig
                0x00000000       0x12 ..\obj\stm32f0xx_tim.o
 .text.TIM_ARRPreloadConfig
                0x00000000       0x12 ..\obj\stm32f0xx_tim.o
 .text.TIM_SelectOnePulseMode
                0x00000000       0x10 ..\obj\stm32f0xx_tim.o
 .text.TIM_SetClockDivision
                0x00000000       0x14 ..\obj\stm32f0xx_tim.o
 .text.TIM_BDTRConfig
                0x00000000       0x20 ..\obj\stm32f0xx_tim.o
 .text.TIM_BDTRStructInit
                0x00000000       0x12 ..\obj\stm32f0xx_tim.o
 .text.TIM_CtrlPWMOutputs
                0x00000000       0x1a ..\obj\stm32f0xx_tim.o
 .text.TIM_OC1Init
                0x00000000       0x7c ..\obj\stm32f0xx_tim.o
 .text.TIM_OC2Init
                0x00000000       0x94 ..\obj\stm32f0xx_tim.o
 .text.TIM_OC3Init
                0x00000000       0x84 ..\obj\stm32f0xx_tim.o
 .text.TIM_OC4Init
                0x00000000       0x64 ..\obj\stm32f0xx_tim.o
 .text.TIM_OCStructInit
                0x00000000       0x14 ..\obj\stm32f0xx_tim.o
 .text.TIM_SelectOCxM
                0x00000000       0x4c ..\obj\stm32f0xx_tim.o
 .text.TIM_SetCompare1
                0x00000000        0x4 ..\obj\stm32f0xx_tim.o
 .text.TIM_SetCompare2
                0x00000000        0x4 ..\obj\stm32f0xx_tim.o
 .text.TIM_SetCompare3
                0x00000000        0x4 ..\obj\stm32f0xx_tim.o
 .text.TIM_SetCompare4
                0x00000000        0x4 ..\obj\stm32f0xx_tim.o
 .text.TIM_ForcedOC1Config
                0x00000000        0xc ..\obj\stm32f0xx_tim.o
 .text.TIM_ForcedOC2Config
                0x00000000       0x14 ..\obj\stm32f0xx_tim.o
 .text.TIM_ForcedOC3Config
                0x00000000        0xc ..\obj\stm32f0xx_tim.o
 .text.TIM_ForcedOC4Config
                0x00000000       0x14 ..\obj\stm32f0xx_tim.o
 .text.TIM_CCPreloadControl
                0x00000000       0x12 ..\obj\stm32f0xx_tim.o
 .text.TIM_OC1PreloadConfig
                0x00000000        0xc ..\obj\stm32f0xx_tim.o
 .text.TIM_OC2PreloadConfig
                0x00000000       0x14 ..\obj\stm32f0xx_tim.o
 .text.TIM_OC3PreloadConfig
                0x00000000        0xc ..\obj\stm32f0xx_tim.o
 .text.TIM_OC4PreloadConfig
                0x00000000       0x14 ..\obj\stm32f0xx_tim.o
 .text.TIM_OC1FastConfig
                0x00000000        0xc ..\obj\stm32f0xx_tim.o
 .text.TIM_OC2FastConfig
                0x00000000       0x14 ..\obj\stm32f0xx_tim.o
 .text.TIM_OC3FastConfig
                0x00000000        0xc ..\obj\stm32f0xx_tim.o
 .text.TIM_OC4FastConfig
                0x00000000       0x14 ..\obj\stm32f0xx_tim.o
 .text.TIM_ClearOC1Ref
                0x00000000        0xc ..\obj\stm32f0xx_tim.o
 .text.TIM_ClearOC2Ref
                0x00000000       0x10 ..\obj\stm32f0xx_tim.o
 .text.TIM_ClearOC3Ref
                0x00000000        0xc ..\obj\stm32f0xx_tim.o
 .text.TIM_ClearOC4Ref
                0x00000000       0x10 ..\obj\stm32f0xx_tim.o
 .text.TIM_OC1PolarityConfig
                0x00000000        0xc ..\obj\stm32f0xx_tim.o
 .text.TIM_OC1NPolarityConfig
                0x00000000        0xc ..\obj\stm32f0xx_tim.o
 .text.TIM_OC2PolarityConfig
                0x00000000       0x10 ..\obj\stm32f0xx_tim.o
 .text.TIM_OC2NPolarityConfig
                0x00000000       0x10 ..\obj\stm32f0xx_tim.o
 .text.TIM_OC3PolarityConfig
                0x00000000       0x14 ..\obj\stm32f0xx_tim.o
 .text.TIM_OC3NPolarityConfig
                0x00000000       0x14 ..\obj\stm32f0xx_tim.o
 .text.TIM_OC4PolarityConfig
                0x00000000       0x14 ..\obj\stm32f0xx_tim.o
 .text.TIM_SelectOCREFClear
                0x00000000       0x10 ..\obj\stm32f0xx_tim.o
 .text.TIM_CCxCmd
                0x00000000       0x18 ..\obj\stm32f0xx_tim.o
 .text.TIM_CCxNCmd
                0x00000000       0x18 ..\obj\stm32f0xx_tim.o
 .text.TIM_SelectCOM
                0x00000000       0x12 ..\obj\stm32f0xx_tim.o
 .text.TIM_ICStructInit
                0x00000000       0x10 ..\obj\stm32f0xx_tim.o
 .text.TIM_GetCapture1
                0x00000000        0x4 ..\obj\stm32f0xx_tim.o
 .text.TIM_GetCapture2
                0x00000000        0x4 ..\obj\stm32f0xx_tim.o
 .text.TIM_GetCapture3
                0x00000000        0x4 ..\obj\stm32f0xx_tim.o
 .text.TIM_GetCapture4
                0x00000000        0x4 ..\obj\stm32f0xx_tim.o
 .text.TIM_SetIC1Prescaler
                0x00000000       0x10 ..\obj\stm32f0xx_tim.o
 .text.TIM_SetIC2Prescaler
                0x00000000       0x18 ..\obj\stm32f0xx_tim.o
 .text.TIM_PWMIConfig
                0x00000000       0x68 ..\obj\stm32f0xx_tim.o
 .text.TIM_SetIC3Prescaler
                0x00000000       0x10 ..\obj\stm32f0xx_tim.o
 .text.TIM_SetIC4Prescaler
                0x00000000       0x18 ..\obj\stm32f0xx_tim.o
 .text.TIM_ICInit
                0x00000000       0xbc ..\obj\stm32f0xx_tim.o
 .text.TIM_GenerateEvent
                0x00000000        0x4 ..\obj\stm32f0xx_tim.o
 .text.TIM_GetFlagStatus
                0x00000000        0xc ..\obj\stm32f0xx_tim.o
 .text.TIM_ClearFlag
                0x00000000        0x8 ..\obj\stm32f0xx_tim.o
 .text.TIM_DMAConfig
                0x00000000        0x8 ..\obj\stm32f0xx_tim.o
 .text.TIM_DMACmd
                0x00000000       0x12 ..\obj\stm32f0xx_tim.o
 .text.TIM_SelectCCDMA
                0x00000000       0x12 ..\obj\stm32f0xx_tim.o
 .text.TIM_InternalClockConfig
                0x00000000        0xa ..\obj\stm32f0xx_tim.o
 .text.TIM_ITRxExternalClockConfig
                0x00000000       0x14 ..\obj\stm32f0xx_tim.o
 .text.TIM_TIxExternalClockConfig
                0x00000000       0x2c ..\obj\stm32f0xx_tim.o
 .text.TIM_SelectInputTrigger
                0x00000000        0xc ..\obj\stm32f0xx_tim.o
 .text.TIM_SelectOutputTrigger
                0x00000000       0x10 ..\obj\stm32f0xx_tim.o
 .text.TIM_SelectSlaveMode
                0x00000000       0x10 ..\obj\stm32f0xx_tim.o
 .text.TIM_SelectMasterSlaveMode
                0x00000000       0x10 ..\obj\stm32f0xx_tim.o
 .text.TIM_ETRConfig
                0x00000000       0x14 ..\obj\stm32f0xx_tim.o
 .text.TIM_ETRClockMode1Config
                0x00000000       0x14 ..\obj\stm32f0xx_tim.o
 .text.TIM_ETRClockMode2Config
                0x00000000       0x14 ..\obj\stm32f0xx_tim.o
 .text.TIM_EncoderInterfaceConfig
                0x00000000       0x30 ..\obj\stm32f0xx_tim.o
 .text.TIM_SelectHallSensor
                0x00000000       0x12 ..\obj\stm32f0xx_tim.o
 .text.TIM_RemapConfig
                0x00000000        0x6 ..\obj\stm32f0xx_tim.o
 .text          0x00000000        0x0 ..\obj\stm32f0xx_misc.o
 .data          0x00000000        0x0 ..\obj\stm32f0xx_misc.o
 .bss           0x00000000        0x0 ..\obj\stm32f0xx_misc.o
 .text.NVIC_Init
                0x00000000       0x60 ..\obj\stm32f0xx_misc.o
 .text.NVIC_SystemLPConfig
                0x00000000       0x18 ..\obj\stm32f0xx_misc.o
 .text.SysTick_CLKSourceConfig
                0x00000000       0x1c ..\obj\stm32f0xx_misc.o
 .debug_info    0x00000000      0x36b ..\obj\stm32f0xx_misc.o
 .debug_abbrev  0x00000000      0x152 ..\obj\stm32f0xx_misc.o
 .debug_loc     0x00000000       0xb9 ..\obj\stm32f0xx_misc.o
 .debug_aranges
                0x00000000       0x30 ..\obj\stm32f0xx_misc.o
 .debug_ranges  0x00000000       0x20 ..\obj\stm32f0xx_misc.o
 .debug_line    0x00000000      0x1ed ..\obj\stm32f0xx_misc.o
 .debug_str     0x00000000      0x2f3 ..\obj\stm32f0xx_misc.o
 .comment       0x00000000       0x71 ..\obj\stm32f0xx_misc.o
 .debug_frame   0x00000000       0x4c ..\obj\stm32f0xx_misc.o
 .ARM.attributes
                0x00000000       0x31 ..\obj\stm32f0xx_misc.o
 .data          0x00000000        0x0 c:/gccavr/bin/../lib/gcc/arm-none-eabi/4.9.3/armv6-m\libgcc.a(_thumb1_case_uqi.o)
 .bss           0x00000000        0x0 c:/gccavr/bin/../lib/gcc/arm-none-eabi/4.9.3/armv6-m\libgcc.a(_thumb1_case_uqi.o)
 .data          0x00000000        0x0 c:/gccavr/bin/../lib/gcc/arm-none-eabi/4.9.3/armv6-m\libgcc.a(_udivsi3.o)
 .bss           0x00000000        0x0 c:/gccavr/bin/../lib/gcc/arm-none-eabi/4.9.3/armv6-m\libgcc.a(_udivsi3.o)
 .data          0x00000000        0x0 c:/gccavr/bin/../lib/gcc/arm-none-eabi/4.9.3/armv6-m\libgcc.a(_divsi3.o)
 .bss           0x00000000        0x0 c:/gccavr/bin/../lib/gcc/arm-none-eabi/4.9.3/armv6-m\libgcc.a(_divsi3.o)
 .data          0x00000000        0x0 c:/gccavr/bin/../lib/gcc/arm-none-eabi/4.9.3/armv6-m\libgcc.a(_dvmd_tls.o)
 .bss           0x00000000        0x0 c:/gccavr/bin/../lib/gcc/arm-none-eabi/4.9.3/armv6-m\libgcc.a(_dvmd_tls.o)
 .data          0x00000000        0x0 c:/gccavr/bin/../lib/gcc/arm-none-eabi/4.9.3/armv6-m\libgcc.a(_fixunssfsi.o)
 .bss           0x00000000        0x0 c:/gccavr/bin/../lib/gcc/arm-none-eabi/4.9.3/armv6-m\libgcc.a(_fixunssfsi.o)
 .data          0x00000000        0x0 c:/gccavr/bin/../lib/gcc/arm-none-eabi/4.9.3/armv6-m\libgcc.a(mulsf3.o)
 .bss           0x00000000        0x0 c:/gccavr/bin/../lib/gcc/arm-none-eabi/4.9.3/armv6-m\libgcc.a(mulsf3.o)
 .data          0x00000000        0x0 c:/gccavr/bin/../lib/gcc/arm-none-eabi/4.9.3/armv6-m\libgcc.a(subsf3.o)
 .bss           0x00000000        0x0 c:/gccavr/bin/../lib/gcc/arm-none-eabi/4.9.3/armv6-m\libgcc.a(subsf3.o)
 .data          0x00000000        0x0 c:/gccavr/bin/../lib/gcc/arm-none-eabi/4.9.3/armv6-m\libgcc.a(fixsfsi.o)
 .bss           0x00000000        0x0 c:/gccavr/bin/../lib/gcc/arm-none-eabi/4.9.3/armv6-m\libgcc.a(fixsfsi.o)
 .data          0x00000000        0x0 c:/gccavr/bin/../lib/gcc/arm-none-eabi/4.9.3/armv6-m\libgcc.a(floatsisf.o)
 .bss           0x00000000        0x0 c:/gccavr/bin/../lib/gcc/arm-none-eabi/4.9.3/armv6-m\libgcc.a(floatsisf.o)
 .data          0x00000000        0x0 c:/gccavr/bin/../lib/gcc/arm-none-eabi/4.9.3/armv6-m\libgcc.a(_arm_cmpsf2.o)
 .bss           0x00000000        0x0 c:/gccavr/bin/../lib/gcc/arm-none-eabi/4.9.3/armv6-m\libgcc.a(_arm_cmpsf2.o)
 .data          0x00000000        0x0 c:/gccavr/bin/../lib/gcc/arm-none-eabi/4.9.3/armv6-m\libgcc.a(_clzsi2.o)
 .bss           0x00000000        0x0 c:/gccavr/bin/../lib/gcc/arm-none-eabi/4.9.3/armv6-m\libgcc.a(_clzsi2.o)
 .data          0x00000000        0x0 c:/gccavr/bin/../lib/gcc/arm-none-eabi/4.9.3/armv6-m\libgcc.a(eqsf2.o)
 .bss           0x00000000        0x0 c:/gccavr/bin/../lib/gcc/arm-none-eabi/4.9.3/armv6-m\libgcc.a(eqsf2.o)
 .data          0x00000000        0x0 c:/gccavr/bin/../lib/gcc/arm-none-eabi/4.9.3/armv6-m\libgcc.a(gesf2.o)
 .bss           0x00000000        0x0 c:/gccavr/bin/../lib/gcc/arm-none-eabi/4.9.3/armv6-m\libgcc.a(gesf2.o)
 .data          0x00000000        0x0 c:/gccavr/bin/../lib/gcc/arm-none-eabi/4.9.3/armv6-m\libgcc.a(lesf2.o)
 .bss           0x00000000        0x0 c:/gccavr/bin/../lib/gcc/arm-none-eabi/4.9.3/armv6-m\libgcc.a(lesf2.o)
 .text          0x00000000        0x0 c:/gccavr/bin/../lib/gcc/arm-none-eabi/4.9.3/../../../../arm-none-eabi/lib/armv6-m\libg.a(lib_a-itoa.o)
 .data          0x00000000        0x0 c:/gccavr/bin/../lib/gcc/arm-none-eabi/4.9.3/../../../../arm-none-eabi/lib/armv6-m\libg.a(lib_a-itoa.o)
 .bss           0x00000000        0x0 c:/gccavr/bin/../lib/gcc/arm-none-eabi/4.9.3/../../../../arm-none-eabi/lib/armv6-m\libg.a(lib_a-itoa.o)
 .text          0x00000000        0x0 c:/gccavr/bin/../lib/gcc/arm-none-eabi/4.9.3/../../../../arm-none-eabi/lib/armv6-m\libg.a(lib_a-strstr.o)
 .data          0x00000000        0x0 c:/gccavr/bin/../lib/gcc/arm-none-eabi/4.9.3/../../../../arm-none-eabi/lib/armv6-m\libg.a(lib_a-strstr.o)
 .bss           0x00000000        0x0 c:/gccavr/bin/../lib/gcc/arm-none-eabi/4.9.3/../../../../arm-none-eabi/lib/armv6-m\libg.a(lib_a-strstr.o)
 .text          0x00000000        0x0 c:/gccavr/bin/../lib/gcc/arm-none-eabi/4.9.3/../../../../arm-none-eabi/lib/armv6-m\libg.a(lib_a-utoa.o)
 .data          0x00000000        0x0 c:/gccavr/bin/../lib/gcc/arm-none-eabi/4.9.3/../../../../arm-none-eabi/lib/armv6-m\libg.a(lib_a-utoa.o)
 .bss           0x00000000        0x0 c:/gccavr/bin/../lib/gcc/arm-none-eabi/4.9.3/../../../../arm-none-eabi/lib/armv6-m\libg.a(lib_a-utoa.o)
 .text.utoa     0x00000000        0x8 c:/gccavr/bin/../lib/gcc/arm-none-eabi/4.9.3/../../../../arm-none-eabi/lib/armv6-m\libg.a(lib_a-utoa.o)
 .text          0x00000000        0x0 c:/gccavr/bin/../lib/gcc/arm-none-eabi/4.9.3/../../../../arm-none-eabi/lib/armv6-m\libg.a(lib_a-memchr.o)
 .data          0x00000000        0x0 c:/gccavr/bin/../lib/gcc/arm-none-eabi/4.9.3/../../../../arm-none-eabi/lib/armv6-m\libg.a(lib_a-memchr.o)
 .bss           0x00000000        0x0 c:/gccavr/bin/../lib/gcc/arm-none-eabi/4.9.3/../../../../arm-none-eabi/lib/armv6-m\libg.a(lib_a-memchr.o)
 .text          0x00000000        0x0 c:/gccavr/bin/../lib/gcc/arm-none-eabi/4.9.3/../../../../arm-none-eabi/lib/armv6-m\libg.a(lib_a-memcmp.o)
 .data          0x00000000        0x0 c:/gccavr/bin/../lib/gcc/arm-none-eabi/4.9.3/../../../../arm-none-eabi/lib/armv6-m\libg.a(lib_a-memcmp.o)
 .bss           0x00000000        0x0 c:/gccavr/bin/../lib/gcc/arm-none-eabi/4.9.3/../../../../arm-none-eabi/lib/armv6-m\libg.a(lib_a-memcmp.o)
 .text          0x00000000        0x0 c:/gccavr/bin/../lib/gcc/arm-none-eabi/4.9.3/../../../../arm-none-eabi/lib/armv6-m\libg.a(lib_a-strchr.o)
 .data          0x00000000        0x0 c:/gccavr/bin/../lib/gcc/arm-none-eabi/4.9.3/../../../../arm-none-eabi/lib/armv6-m\libg.a(lib_a-strchr.o)
 .bss           0x00000000        0x0 c:/gccavr/bin/../lib/gcc/arm-none-eabi/4.9.3/../../../../arm-none-eabi/lib/armv6-m\libg.a(lib_a-strchr.o)

Memory Configuration

Name             Origin             Length             Attributes
rom              0x08000000         0x00004000         xr
ram              0x20000000         0x00001000         xrw
*default*        0x00000000         0xffffffff

Linker script and memory map

                0x20001000                _eram = 0x20001000

.text           0x08000000     0x2f80
 *(.isr_vector)
 .isr_vector    0x08000000       0xc4 ..\obj\startup_stm32f0xx.o
                0x08000000                g_pfnVectors
 *(.text*)
 .text.Display_SetPort
                0x080000c4       0xa0 ..\obj\pcd8544.o
                0x080000c4                Display_SetPort
 .text.Display_Reset
                0x08000164       0x22 ..\obj\pcd8544.o
                0x08000164                Display_Reset
 *fill*         0x08000186        0x2 
 .text.Display_TxF
                0x08000188       0x2c ..\obj\pcd8544.o
                0x08000188                Display_TxF
 .text.Display_Tx
                0x080001b4       0x20 ..\obj\pcd8544.o
                0x080001b4                Display_Tx
 .text.Display_Init
                0x080001d4       0x3c ..\obj\pcd8544.o
                0x080001d4                Display_Init
 .text.Display_SendData
                0x08000210       0x18 ..\obj\pcd8544.o
                0x08000210                Display_SendData
 .text.Display_SendCmd
                0x08000228       0x18 ..\obj\pcd8544.o
                0x08000228                Display_SendCmd
 .text.Display_PutChar
                0x08000240       0x30 ..\obj\pcd8544.o
                0x08000240                Display_PutChar
 .text.Display_PutS
                0x08000270       0x14 ..\obj\pcd8544.o
                0x08000270                Display_PutS
 .text.Display_Put
                0x08000284        0x8 ..\obj\pcd8544.o
                0x08000284                Display_Put
 .text.Display_SetXY
                0x0800028c       0x16 ..\obj\pcd8544.o
                0x0800028c                Display_SetXY
 *fill*         0x080002a2        0x2 
 .text.Display_PutDigit
                0x080002a4       0x4c ..\obj\pcd8544.o
                0x080002a4                Display_PutDigit
 .text.Display_DigitVal
                0x080002f0       0x24 ..\obj\pcd8544.o
                0x080002f0                Display_DigitVal
 .text.Display_Clear
                0x08000314       0x2e ..\obj\pcd8544.o
                0x08000314                Display_Clear
 *fill*         0x08000342        0x2 
 .text.delay_ms
                0x08000344       0x30 ..\obj\delay.o
                0x08000344                delay_ms
 .text.Delay_Init
                0x08000374       0x30 ..\obj\delay.o
                0x08000374                Delay_Init
 .text.delay_us
                0x080003a4       0x30 ..\obj\delay.o
                0x080003a4                delay_us
 .text.RCC_GetClocksFreq
                0x080003d4       0xe0 ..\obj\stm32f0xx_rcc.o
                0x080003d4                RCC_GetClocksFreq
 .text.RCC_AHBPeriphClockCmd
                0x080004b4       0x18 ..\obj\stm32f0xx_rcc.o
                0x080004b4                RCC_AHBPeriphClockCmd
 .text.RCC_APB2PeriphClockCmd
                0x080004cc       0x18 ..\obj\stm32f0xx_rcc.o
                0x080004cc                RCC_APB2PeriphClockCmd
 .text.RCC_APB1PeriphClockCmd
                0x080004e4       0x18 ..\obj\stm32f0xx_rcc.o
                0x080004e4                RCC_APB1PeriphClockCmd
 .text.OW_Get   0x080004fc       0x14 ..\obj\soft1w.o
                0x080004fc                OW_Get
 .text.OW_SetBus
                0x08000510       0x38 ..\obj\soft1w.o
                0x08000510                OW_SetBus
 .text.OW_Reset
                0x08000548       0x4c ..\obj\soft1w.o
                0x08000548                OW_Reset
 .text.OW_Write
                0x08000594       0x3c ..\obj\soft1w.o
                0x08000594                OW_Write
 .text.OW_WriteByte
                0x080005d0       0x1a ..\obj\soft1w.o
                0x080005d0                OW_WriteByte
 *fill*         0x080005ea        0x2 
 .text.OW_Read  0x080005ec       0x34 ..\obj\soft1w.o
                0x080005ec                OW_Read
 .text.OW_ReadByte
                0x08000620       0x24 ..\obj\soft1w.o
                0x08000620                OW_ReadByte
 .text.OW_SkipROM
                0x08000644       0x14 ..\obj\soft1w.o
                0x08000644                OW_SkipROM
 .text.Bmp180InitI2C
                0x08000658       0x70 ..\obj\bmp180.o
                0x08000658                Bmp180InitI2C
 .text.Bmp180ReadRegister
                0x080006c8       0x88 ..\obj\bmp180.o
                0x080006c8                Bmp180ReadRegister
 .text.Bmp180ReadRegister16
                0x08000750       0x1e ..\obj\bmp180.o
                0x08000750                Bmp180ReadRegister16
 *fill*         0x0800076e        0x2 
 .text.Bmp180WriteRegister
                0x08000770       0x88 ..\obj\bmp180.o
                0x08000770                Bmp180WriteRegister
 .text.Bmp180ReadUT
                0x080007f8       0x18 ..\obj\bmp180.o
                0x080007f8                Bmp180ReadUT
 .text.Bmp180ReadUP
                0x08000810       0x4c ..\obj\bmp180.o
                0x08000810                Bmp180ReadUP
 .text.Bmp180GetT
                0x0800085c       0x54 ..\obj\bmp180.o
                0x0800085c                Bmp180GetT
 .text.Bmp180GetP
                0x080008b0       0xcc ..\obj\bmp180.o
                0x080008b0                Bmp180GetP
 .text.Bmp180Calibrate
                0x0800097c       0xa0 ..\obj\bmp180.o
                0x0800097c                Bmp180Calibrate
 .text.SensorInit
                0x08000a1c       0x10 ..\obj\main.o
                0x08000a1c                SensorInit
 .text.ITInit   0x08000a2c       0x38 ..\obj\main.o
                0x08000a2c                ITInit
 .text.TIM_ResetStart
                0x08000a64       0x1c ..\obj\main.o
                0x08000a64                TIM_ResetStart
 .text.USART1_IRQHandler
                0x08000a80       0x74 ..\obj\main.o
                0x08000a80                USART1_IRQHandler
 .text.TIM_Stop
                0x08000af4       0x10 ..\obj\main.o
                0x08000af4                TIM_Stop
 .text.TIM14_IRQHandler
                0x08000b04       0x2c ..\obj\main.o
                0x08000b04                TIM14_IRQHandler
 .text.USend    0x08000b30       0x1c ..\obj\main.o
                0x08000b30                USend
 .text.Graph_Fcast
                0x08000b4c      0x1e4 ..\obj\main.o
                0x08000b4c                Graph_Fcast
 .text.PeriphInit
                0x08000d30       0x44 ..\obj\main.o
                0x08000d30                PeriphInit
 .text.COMMInit
                0x08000d74       0x9c ..\obj\main.o
                0x08000d74                COMMInit
 .text.DS18_Measure
                0x08000e10       0x38 ..\obj\main.o
                0x08000e10                DS18_Measure
 .text.PollSensors
                0x08000e48       0x3c ..\obj\main.o
                0x08000e48                PollSensors
 .text.ClrBuffer
                0x08000e84       0x1c ..\obj\main.o
                0x08000e84                ClrBuffer
 .text.PollCmd  0x08000ea0       0xb4 ..\obj\main.o
                0x08000ea0                PollCmd
 .text.WLAN_Status
                0x08000f54       0x40 ..\obj\main.o
                0x08000f54                WLAN_Status
 .text.DisplayStats
                0x08000f94      0x128 ..\obj\main.o
                0x08000f94                DisplayStats
 .text.Delay_s  0x080010bc       0x18 ..\obj\main.o
                0x080010bc                Delay_s
 .text.ESPSendCmd
                0x080010d4       0x94 ..\obj\main.o
                0x080010d4                ESPSendCmd
 .text.ESPCheckConnection
                0x08001168       0x18 ..\obj\main.o
                0x08001168                ESPCheckConnection
 .text.ESPConnect
                0x08001180       0x54 ..\obj\main.o
                0x08001180                ESPConnect
 .text.ESPReset
                0x080011d4       0x38 ..\obj\main.o
                0x080011d4                ESPReset
 .text.startup.main
                0x0800120c       0xb8 ..\obj\main.o
                0x0800120c                main
 .text.Reset_Handler
                0x080012c4       0x4c ..\obj\startup_stm32f0xx.o
                0x080012c4                Reset_Handler
 .text.Default_Handler
                0x08001310        0x2 ..\obj\startup_stm32f0xx.o
                0x08001310                TIM1_CC_IRQHandler
                0x08001310                HardFault_Handler
                0x08001310                ADC1_COMP_IRQHandler
                0x08001310                SysTick_Handler
                0x08001310                PVD_IRQHandler
                0x08001310                PendSV_Handler
                0x08001310                NMI_Handler
                0x08001310                I2C1_IRQHandler
                0x08001310                SPI1_IRQHandler
                0x08001310                TIM6_DAC_IRQHandler
                0x08001310                EXTI2_3_IRQHandler
                0x08001310                I2C2_IRQHandler
                0x08001310                TIM17_IRQHandler
                0x08001310                RTC_IRQHandler
                0x08001310                TIM16_IRQHandler
                0x08001310                TIM3_IRQHandler
                0x08001310                EXTI4_15_IRQHandler
                0x08001310                RCC_IRQHandler
                0x08001310                DMA1_Channel1_IRQHandler
                0x08001310                Default_Handler
                0x08001310                CEC_IRQHandler
                0x08001310                DMA1_Channel4_5_IRQHandler
                0x08001310                TIM15_IRQHandler
                0x08001310                EXTI0_1_IRQHandler
                0x08001310                SPI2_IRQHandler
                0x08001310                SVC_Handler
                0x08001310                TS_IRQHandler
                0x08001310                WWDG_IRQHandler
                0x08001310                TIM2_IRQHandler
                0x08001310                DMA1_Channel2_3_IRQHandler
                0x08001310                USART2_IRQHandler
                0x08001310                FLASH_IRQHandler
                0x08001310                TIM1_BRK_UP_TRG_COM_IRQHandler
 *fill*         0x08001312        0x2 
 .text.SPI_Init
                0x08001314       0x54 ..\obj\stm32f0xx_spi.o
                0x08001314                SPI_Init
 .text.SPI_Cmd  0x08001368       0x12 ..\obj\stm32f0xx_spi.o
                0x08001368                SPI_Cmd
 .text.SPI_SendData8
                0x0800137a        0x4 ..\obj\stm32f0xx_spi.o
                0x0800137a                SPI_SendData8
 .text.SPI_I2S_GetFlagStatus
                0x0800137e        0xc ..\obj\stm32f0xx_spi.o
                0x0800137e                SPI_I2S_GetFlagStatus
 *fill*         0x0800138a        0x2 
 .text.I2C_Init
                0x0800138c       0x64 ..\obj\stm32f0xx_i2c.o
                0x0800138c                I2C_Init
 .text.I2C_Cmd  0x080013f0       0x12 ..\obj\stm32f0xx_i2c.o
                0x080013f0                I2C_Cmd
 *fill*         0x08001402        0x2 
 .text.I2C_TransferHandling
                0x08001404       0x20 ..\obj\stm32f0xx_i2c.o
                0x08001404                I2C_TransferHandling
 .text.I2C_SendData
                0x08001424        0x4 ..\obj\stm32f0xx_i2c.o
                0x08001424                I2C_SendData
 .text.I2C_ReceiveData
                0x08001428        0x6 ..\obj\stm32f0xx_i2c.o
                0x08001428                I2C_ReceiveData
 .text.I2C_GetFlagStatus
                0x0800142e        0xc ..\obj\stm32f0xx_i2c.o
                0x0800142e                I2C_GetFlagStatus
 .text.I2C_ClearFlag
                0x0800143a        0x4 ..\obj\stm32f0xx_i2c.o
                0x0800143a                I2C_ClearFlag
 *fill*         0x0800143e        0x2 
 .text.SetSysClock1
                0x08001440       0xa0 ..\obj\system_stm32f0xx_temp.o
                0x08001440                SetSysClock
 .text.SystemInit1
                0x080014e0       0x64 ..\obj\system_stm32f0xx_temp.o
                0x080014e0                SystemInit
                0x080014e0                SystemInit1
 .text.GPIO_Init
                0x08001544       0x78 ..\obj\stm32f0xx_gpio.o
                0x08001544                GPIO_Init
 .text.GPIO_StructInit
                0x080015bc       0x18 ..\obj\stm32f0xx_gpio.o
                0x080015bc                GPIO_StructInit
 .text.GPIO_ReadInputDataBit
                0x080015d4        0xc ..\obj\stm32f0xx_gpio.o
                0x080015d4                GPIO_ReadInputDataBit
 .text.GPIO_SetBits
                0x080015e0        0x4 ..\obj\stm32f0xx_gpio.o
                0x080015e0                GPIO_SetBits
 .text.GPIO_ResetBits
                0x080015e4        0x4 ..\obj\stm32f0xx_gpio.o
                0x080015e4                GPIO_ResetBits
 .text.GPIO_PinAFConfig
                0x080015e8       0x24 ..\obj\stm32f0xx_gpio.o
                0x080015e8                GPIO_PinAFConfig
 .text.USART_Init
                0x0800160c       0xa0 ..\obj\stm32f0xx_usart.o
                0x0800160c                USART_Init
 .text.USART_Cmd
                0x080016ac       0x12 ..\obj\stm32f0xx_usart.o
                0x080016ac                USART_Cmd
 .text.USART_SendData
                0x080016be        0x8 ..\obj\stm32f0xx_usart.o
                0x080016be                USART_SendData
 .text.USART_ReceiveData
                0x080016c6        0x8 ..\obj\stm32f0xx_usart.o
                0x080016c6                USART_ReceiveData
 .text.USART_ITConfig
                0x080016ce       0x2e ..\obj\stm32f0xx_usart.o
                0x080016ce                USART_ITConfig
 .text.USART_GetFlagStatus
                0x080016fc        0xc ..\obj\stm32f0xx_usart.o
                0x080016fc                USART_GetFlagStatus
 .text.USART_GetITStatus
                0x08001708       0x3a ..\obj\stm32f0xx_usart.o
                0x08001708                USART_GetITStatus
 .text.USART_ClearITPendingBit
                0x08001742        0xa ..\obj\stm32f0xx_usart.o
                0x08001742                USART_ClearITPendingBit
 .text.TIM_TimeBaseInit
                0x0800174c       0x78 ..\obj\stm32f0xx_tim.o
                0x0800174c                TIM_TimeBaseInit
 .text.TIM_SetCounter
                0x080017c4        0x4 ..\obj\stm32f0xx_tim.o
                0x080017c4                TIM_SetCounter
 .text.TIM_Cmd  0x080017c8       0x12 ..\obj\stm32f0xx_tim.o
                0x080017c8                TIM_Cmd
 .text.TIM_ITConfig
                0x080017da       0x12 ..\obj\stm32f0xx_tim.o
                0x080017da                TIM_ITConfig
 .text.TIM_GetITStatus
                0x080017ec       0x16 ..\obj\stm32f0xx_tim.o
                0x080017ec                TIM_GetITStatus
 .text.TIM_ClearITPendingBit
                0x08001802        0x8 ..\obj\stm32f0xx_tim.o
                0x08001802                TIM_ClearITPendingBit
 *fill*         0x0800180a        0x2 
 .text          0x0800180c       0x14 c:/gccavr/bin/../lib/gcc/arm-none-eabi/4.9.3/armv6-m\libgcc.a(_thumb1_case_uqi.o)
                0x0800180c                __gnu_thumb1_case_uqi
 .text          0x08001820      0x120 c:/gccavr/bin/../lib/gcc/arm-none-eabi/4.9.3/armv6-m\libgcc.a(_udivsi3.o)
                0x08001820                __aeabi_uidiv
                0x08001820                __udivsi3
                0x0800192c                __aeabi_uidivmod
 .text          0x08001940      0x1e0 c:/gccavr/bin/../lib/gcc/arm-none-eabi/4.9.3/armv6-m\libgcc.a(_divsi3.o)
                0x08001940                __divsi3
                0x08001940                __aeabi_idiv
                0x08001b0c                __aeabi_idivmod
 .text          0x08001b20        0x4 c:/gccavr/bin/../lib/gcc/arm-none-eabi/4.9.3/armv6-m\libgcc.a(_dvmd_tls.o)
                0x08001b20                __aeabi_idiv0
                0x08001b20                __aeabi_ldiv0
 .text          0x08001b24       0x30 c:/gccavr/bin/../lib/gcc/arm-none-eabi/4.9.3/armv6-m\libgcc.a(_fixunssfsi.o)
                0x08001b24                __fixunssfsi
                0x08001b24                __aeabi_f2uiz
 .text          0x08001b54      0x264 c:/gccavr/bin/../lib/gcc/arm-none-eabi/4.9.3/armv6-m\libgcc.a(mulsf3.o)
                0x08001b54                __aeabi_fmul
 .text          0x08001db8      0x2fc c:/gccavr/bin/../lib/gcc/arm-none-eabi/4.9.3/armv6-m\libgcc.a(subsf3.o)
                0x08001db8                __aeabi_fsub
 .text          0x080020b4       0x40 c:/gccavr/bin/../lib/gcc/arm-none-eabi/4.9.3/armv6-m\libgcc.a(fixsfsi.o)
                0x080020b4                __aeabi_f2iz
 .text          0x080020f4       0x90 c:/gccavr/bin/../lib/gcc/arm-none-eabi/4.9.3/armv6-m\libgcc.a(floatsisf.o)
                0x080020f4                __aeabi_i2f
 .text          0x08002184       0x74 c:/gccavr/bin/../lib/gcc/arm-none-eabi/4.9.3/armv6-m\libgcc.a(_arm_cmpsf2.o)
                0x08002184                __aeabi_cfrcmple
                0x0800218c                __aeabi_cfcmpeq
                0x0800218c                __aeabi_cfcmple
                0x0800219c                __aeabi_fcmpeq
                0x080021a8                __aeabi_fcmplt
                0x080021bc                __aeabi_fcmple
                0x080021d0                __aeabi_fcmpgt
                0x080021e4                __aeabi_fcmpge
 .text          0x080021f8       0x3c c:/gccavr/bin/../lib/gcc/arm-none-eabi/4.9.3/armv6-m\libgcc.a(_clzsi2.o)
                0x080021f8                __clzsi2
 .text          0x08002234       0x54 c:/gccavr/bin/../lib/gcc/arm-none-eabi/4.9.3/armv6-m\libgcc.a(eqsf2.o)
                0x08002234                __eqsf2
                0x08002234                __nesf2
 .text          0x08002288       0x94 c:/gccavr/bin/../lib/gcc/arm-none-eabi/4.9.3/armv6-m\libgcc.a(gesf2.o)
                0x08002288                __gesf2
                0x08002288                __gtsf2
 .text          0x0800231c       0x8c c:/gccavr/bin/../lib/gcc/arm-none-eabi/4.9.3/armv6-m\libgcc.a(lesf2.o)
                0x0800231c                __ltsf2
                0x0800231c                __lesf2
 .text.__itoa   0x080023a8       0x30 c:/gccavr/bin/../lib/gcc/arm-none-eabi/4.9.3/../../../../arm-none-eabi/lib/armv6-m\libg.a(lib_a-itoa.o)
                0x080023a8                __itoa
 .text.itoa     0x080023d8        0x8 c:/gccavr/bin/../lib/gcc/arm-none-eabi/4.9.3/../../../../arm-none-eabi/lib/armv6-m\libg.a(lib_a-itoa.o)
                0x080023d8                itoa
 .text.critical_factorization
                0x080023e0       0xc0 c:/gccavr/bin/../lib/gcc/arm-none-eabi/4.9.3/../../../../arm-none-eabi/lib/armv6-m\libg.a(lib_a-strstr.o)
 .text.two_way_long_needle
                0x080024a0      0x1f0 c:/gccavr/bin/../lib/gcc/arm-none-eabi/4.9.3/../../../../arm-none-eabi/lib/armv6-m\libg.a(lib_a-strstr.o)
 .text.strstr   0x08002690      0x228 c:/gccavr/bin/../lib/gcc/arm-none-eabi/4.9.3/../../../../arm-none-eabi/lib/armv6-m\libg.a(lib_a-strstr.o)
                0x08002690                strstr
 .text.__utoa   0x080028b8       0x8c c:/gccavr/bin/../lib/gcc/arm-none-eabi/4.9.3/../../../../arm-none-eabi/lib/armv6-m\libg.a(lib_a-utoa.o)
                0x080028b8                __utoa
 .text.memchr   0x08002944       0x84 c:/gccavr/bin/../lib/gcc/arm-none-eabi/4.9.3/../../../../arm-none-eabi/lib/armv6-m\libg.a(lib_a-memchr.o)
                0x08002944                memchr
 .text.memcmp   0x080029c8       0x50 c:/gccavr/bin/../lib/gcc/arm-none-eabi/4.9.3/../../../../arm-none-eabi/lib/armv6-m\libg.a(lib_a-memcmp.o)
                0x080029c8                memcmp
 .text.strchr   0x08002a18       0xd8 c:/gccavr/bin/../lib/gcc/arm-none-eabi/4.9.3/../../../../arm-none-eabi/lib/armv6-m\libg.a(lib_a-strchr.o)
                0x08002a18                strchr
 *(.init)
 *(.fini)
 *crtbegin.o(.ctors)
 *crtbegin?.o(.ctors)
 *(EXCLUDE_FILE(*crtend.o *crtend?.o) .ctors)
 *(SORT(.ctors.*))
 *(.ctors)
 *crtbegin.o(.dtors)
 *crtbegin?.o(.dtors)
 *(EXCLUDE_FILE(*crtend.o *crtend?.o) .dtors)
 *(SORT(.dtors.*))
 *(.dtors)
 *(.rodata*)
 .rodata        0x08002af0      0x366 ..\obj\pcd8544.o
                0x08002af0                font
                0x08002c76                digits
 .rodata        0x08002e56       0xbb ..\obj\main.o
                0x08002e56                icon12_cloud
                0x08002e62                cmd_setfc
                0x08002e67                cmd_setwind
                0x08002e6c                icon8_wlan_noconn
                0x08002e74                icon8_wlan_conn
                0x08002e7c                esp_rep_ok
                0x08002e7f                esp_rep_error
                0x08002e85                esp_rep_fail
                0x08002e8a                esp_cmd_queryap
                0x08002e94                esp_cmd_at
                0x08002e97                esp_cmd_setmode_sta
                0x08002ea3                esp_cmd_setmux_multi
                0x08002eaf                esp_cmd_joinap
                0x08002ed0                esp_cmd_listen
                0x08002ee4                esp_cmd_softreset
                0x08002eeb                s_start
                0x08002ef8                esp_cmd_queryip
                0x08002f02                cmd_savefc
                0x08002f07                icon5_lo
                0x08002f0c                icon5_hi
 .rodata.str1.1
                0x08002f11        0x4 ..\obj\main.o
 *fill*         0x08002f15        0x3 
 .rodata        0x08002f18       0x40 c:/gccavr/bin/../lib/gcc/arm-none-eabi/4.9.3/armv6-m\libgcc.a(mulsf3.o)
 .rodata.str1.4
                0x08002f58       0x28 c:/gccavr/bin/../lib/gcc/arm-none-eabi/4.9.3/../../../../arm-none-eabi/lib/armv6-m\libg.a(lib_a-utoa.o)
 *(.eh_fram e*)

.glue_7         0x08002f80        0x0
 .glue_7        0x00000000        0x0 linker stubs

.glue_7t        0x08002f80        0x0
 .glue_7t       0x00000000        0x0 linker stubs

.vfp11_veneer   0x08002f80        0x0
 .vfp11_veneer  0x00000000        0x0 linker stubs

.v4_bx          0x08002f80        0x0
 .v4_bx         0x00000000        0x0 linker stubs

.iplt           0x08002f80        0x0
 .iplt          0x00000000        0x0 ..\obj\pcd8544.o

.rel.dyn        0x08002f80        0x0
 .rel.iplt      0x00000000        0x0 ..\obj\pcd8544.o

.ARM.extab
 *(.ARM.extab* .gnu.linkonce.armextab.*)
                0x08002f80                __exidx_start = .

.ARM.exidx
 *(.ARM.exidx* .gnu.linkonce.armexidx.*)
                0x08002f80                __exidx_end = .
                0x08002f80                __etext = .
                0x08002f80                _sidata = __etext

.data           0x20000000       0x20 load address 0x08002f80
                0x20000000                __data_start__ = .
                0x20000000                _sdata = __data_start__
 *(vtable)
 *(.data*)
 .data          0x20000000       0x10 ..\obj\stm32f0xx_rcc.o
 .data          0x20000010        0xe ..\obj\main.o
                0x20000010                c_interior_temp
                0x20000012                c_pressure_torr
                0x20000014                c_exterior_temp
                0x20000015                c_wind_dir
                0x20000018                c_interior_temp_case
                0x2000001a                c_pressure_pa
                0x2000001c                c_interior_humidity
                0x20000020                . = ALIGN (0x4)
 *fill*         0x2000001e        0x2 
                0x20000020                PROVIDE (__preinit_array_start, .)
 *(.preinit_array)
                0x20000020                PROVIDE (__preinit_array_end, .)
                0x20000020                . = ALIGN (0x4)
                0x20000020                PROVIDE (__init_array_start, .)
 *(SORT(.init_array.*))
 *(.init_array)
                0x20000020                PROVIDE (__init_array_end, .)
                0x20000020                . = ALIGN (0x4)
                0x20000020                PROVIDE (__fini_array_start, .)
 *(SORT(.fini_array.*))
 *(.fini_array)
                0x20000020                PROVIDE (__fini_array_end, .)
 *(.jcr*)
                0x20000020                . = ALIGN (0x4)
                0x20000020                __data_end__ = .
                0x20000020                _edata = __data_end__

.igot.plt       0x20000020        0x0 load address 0x08002fa0
 .igot.plt      0x00000000        0x0 ..\obj\pcd8544.o

.bss            0x20000020      0x13c load address 0x08002fa0
                0x20000020                . = ALIGN (0x4)
                0x20000020                __bss_start__ = .
                0x20000020                _sbss = __bss_start__
 *(.bss*)
 .bss           0x20000020        0x5 ..\obj\main.o
                0x20000020                CMD_MODE
                0x20000021                c_wind_spd
                0x20000022                CONNSTATUS
                0x20000023                DISPLAY_MODE
                0x20000024                wlan_check
 *(COMMON)
 *fill*         0x20000025        0x1 
 COMMON         0x20000026        0x3 ..\obj\delay.o
                0x20000026                fac_ms
                0x20000028                fac_us
 *fill*         0x20000029        0x3 
 COMMON         0x2000002c       0x1a ..\obj\bmp180.o
                0x2000002c                MD
                0x2000002e                AC1
                0x20000030                AC6
                0x20000032                AC5
                0x20000034                B5
                0x20000038                AC4
                0x2000003a                MB
                0x2000003c                AC2
                0x2000003e                AC3
                0x20000040                B2
                0x20000042                B1
                0x20000044                MC
 COMMON         0x20000046      0x115 ..\obj\main.o
                0x20000046                rxbuf
                0x20000140                rxbuf_index
                0x20000142                vals
                0x20000147                fcastt
                0x2000015c                . = ALIGN (0x4)
 *fill*         0x2000015b        0x1 
                0x2000015c                __bss_end__ = .
                0x2000015c                _ebss = __bss_end__

.heap           0x2000015c        0x0
                0x2000015c                __end__ = .
                0x2000015c                _end = __end__
                0x2000015c                end = __end__
 *(.heap*)
                0x2000015c                __HeapLimit = .

.co_stack       0x2000015c        0x4 load address 0x080030dc
                0x20000160                . = ALIGN (0x8)
 *fill*         0x2000015c        0x4 
 *(.co_stack .co_stack.*)
                0x20001000                __StackTop = (ORIGIN (ram) + 0x1000)
                0x20000ffc                __StackLimit = (__StackTop - SIZEOF (.co_stack))
                0x20001000                PROVIDE (__stack, __StackTop)
                0x00000001                ASSERT ((__StackLimit >= __HeapLimit), region ram  overflowed with stack)
LOAD ..\obj\pcd8544.o
LOAD ..\obj\delay.o
LOAD ..\obj\stm32f0xx_rcc.o
LOAD ..\obj\soft1w.o
LOAD ..\obj\bmp180.o
LOAD ..\obj\main.o
LOAD ..\obj\startup_stm32f0xx.o
LOAD ..\obj\stm32f0xx_spi.o
LOAD ..\obj\stm32f0xx_i2c.o
LOAD ..\obj\system_stm32f0xx_temp.o
LOAD ..\obj\stm32f0xx_gpio.o
LOAD ..\obj\stm32f0xx_usart.o
LOAD ..\obj\stm32f0xx_tim.o
LOAD ..\obj\stm32f0xx_misc.o
START GROUP
LOAD c:/gccavr/bin/../lib/gcc/arm-none-eabi/4.9.3/armv6-m\libgcc.a
LOAD c:/gccavr/bin/../lib/gcc/arm-none-eabi/4.9.3/../../../../arm-none-eabi/lib/armv6-m\libg.a
LOAD c:/gccavr/bin/../lib/gcc/arm-none-eabi/4.9.3/../../../../arm-none-eabi/lib/armv6-m\libc.a
END GROUP
OUTPUT(coocox_wtherm_st32f030.elf elf32-littlearm)

.debug_info     0x00000000     0x9dc2
 .debug_info    0x00000000      0xbe9 ..\obj\pcd8544.o
 .debug_info    0x00000be9      0x196 ..\obj\delay.o
 .debug_info    0x00000d7f      0x9f6 ..\obj\stm32f0xx_rcc.o
 .debug_info    0x00001775      0x6d3 ..\obj\soft1w.o
 .debug_info    0x00001e48      0xdac ..\obj\bmp180.o
 .debug_info    0x00002bf4     0x2166 ..\obj\main.o
 .debug_info    0x00004d5a       0xc0 ..\obj\startup_stm32f0xx.o
 .debug_info    0x00004e1a      0xb4c ..\obj\stm32f0xx_spi.o
 .debug_info    0x00005966      0xbf3 ..\obj\stm32f0xx_i2c.o
 .debug_info    0x00006559      0x2fd ..\obj\system_stm32f0xx_temp.o
 .debug_info    0x00006856      0x686 ..\obj\stm32f0xx_gpio.o
 .debug_info    0x00006edc      0xeda ..\obj\stm32f0xx_usart.o
 .debug_info    0x00007db6     0x200c ..\obj\stm32f0xx_tim.o

.debug_abbrev   0x00000000     0x18b5
 .debug_abbrev  0x00000000      0x265 ..\obj\pcd8544.o
 .debug_abbrev  0x00000265       0xc4 ..\obj\delay.o
 .debug_abbrev  0x00000329      0x22e ..\obj\stm32f0xx_rcc.o
 .debug_abbrev  0x00000557      0x227 ..\obj\soft1w.o
 .debug_abbrev  0x0000077e      0x21b ..\obj\bmp180.o
 .debug_abbrev  0x00000999      0x402 ..\obj\main.o
 .debug_abbrev  0x00000d9b       0x12 ..\obj\startup_stm32f0xx.o
 .debug_abbrev  0x00000dad      0x1e5 ..\obj\stm32f0xx_spi.o
 .debug_abbrev  0x00000f92      0x1ad ..\obj\stm32f0xx_i2c.o
 .debug_abbrev  0x0000113f      0x13f ..\obj\system_stm32f0xx_temp.o
 .debug_abbrev  0x0000127e      0x1d2 ..\obj\stm32f0xx_gpio.o
 .debug_abbrev  0x00001450      0x1c9 ..\obj\stm32f0xx_usart.o
 .debug_abbrev  0x00001619      0x29c ..\obj\stm32f0xx_tim.o

.debug_loc      0x00000000     0x4dd0
 .debug_loc     0x00000000      0x333 ..\obj\pcd8544.o
 .debug_loc     0x00000333       0x63 ..\obj\delay.o
 .debug_loc     0x00000396      0x812 ..\obj\stm32f0xx_rcc.o
 .debug_loc     0x00000ba8      0x110 ..\obj\soft1w.o
 .debug_loc     0x00000cb8      0x9df ..\obj\bmp180.o
 .debug_loc     0x00001697      0x468 ..\obj\main.o
 .debug_loc     0x00001aff      0x629 ..\obj\stm32f0xx_spi.o
 .debug_loc     0x00002128      0x5f1 ..\obj\stm32f0xx_i2c.o
 .debug_loc     0x00002719       0xe7 ..\obj\system_stm32f0xx_temp.o
 .debug_loc     0x00002800      0x311 ..\obj\stm32f0xx_gpio.o
 .debug_loc     0x00002b11      0x828 ..\obj\stm32f0xx_usart.o
 .debug_loc     0x00003339     0x1a97 ..\obj\stm32f0xx_tim.o

.debug_aranges  0x00000000      0xb80
 .debug_aranges
                0x00000000       0x88 ..\obj\pcd8544.o
 .debug_aranges
                0x00000088       0x30 ..\obj\delay.o
 .debug_aranges
                0x000000b8      0x150 ..\obj\stm32f0xx_rcc.o
 .debug_aranges
                0x00000208       0x58 ..\obj\soft1w.o
 .debug_aranges
                0x00000260       0x68 ..\obj\bmp180.o
 .debug_aranges
                0x000002c8       0xd8 ..\obj\main.o
 .debug_aranges
                0x000003a0       0x28 ..\obj\startup_stm32f0xx.o
 .debug_aranges
                0x000003c8      0x110 ..\obj\stm32f0xx_spi.o
 .debug_aranges
                0x000004d8      0x168 ..\obj\stm32f0xx_i2c.o
 .debug_aranges
                0x00000640       0x30 ..\obj\system_stm32f0xx_temp.o
 .debug_aranges
                0x00000670       0x80 ..\obj\stm32f0xx_gpio.o
 .debug_aranges
                0x000006f0      0x1a0 ..\obj\stm32f0xx_usart.o
 .debug_aranges
                0x00000890      0x2f0 ..\obj\stm32f0xx_tim.o

.debug_ranges   0x00000000      0xb28
 .debug_ranges  0x00000000       0x78 ..\obj\pcd8544.o
 .debug_ranges  0x00000078       0x20 ..\obj\delay.o
 .debug_ranges  0x00000098      0x140 ..\obj\stm32f0xx_rcc.o
 .debug_ranges  0x000001d8       0x48 ..\obj\soft1w.o
 .debug_ranges  0x00000220       0x58 ..\obj\bmp180.o
 .debug_ranges  0x00000278       0xe8 ..\obj\main.o
 .debug_ranges  0x00000360       0x20 ..\obj\startup_stm32f0xx.o
 .debug_ranges  0x00000380      0x100 ..\obj\stm32f0xx_spi.o
 .debug_ranges  0x00000480      0x158 ..\obj\stm32f0xx_i2c.o
 .debug_ranges  0x000005d8       0x20 ..\obj\system_stm32f0xx_temp.o
 .debug_ranges  0x000005f8       0x70 ..\obj\stm32f0xx_gpio.o
 .debug_ranges  0x00000668      0x190 ..\obj\stm32f0xx_usart.o
 .debug_ranges  0x000007f8      0x330 ..\obj\stm32f0xx_tim.o

.debug_line     0x00000000     0x3548
 .debug_line    0x00000000      0x334 ..\obj\pcd8544.o
 .debug_line    0x00000334      0x153 ..\obj\delay.o
 .debug_line    0x00000487      0x53c ..\obj\stm32f0xx_rcc.o
 .debug_line    0x000009c3      0x279 ..\obj\soft1w.o
 .debug_line    0x00000c3c      0x2db ..\obj\bmp180.o
 .debug_line    0x00000f17      0x68b ..\obj\main.o
 .debug_line    0x000015a2       0xb2 ..\obj\startup_stm32f0xx.o
 .debug_line    0x00001654      0x47b ..\obj\stm32f0xx_spi.o
 .debug_line    0x00001acf      0x539 ..\obj\stm32f0xx_i2c.o
 .debug_line    0x00002008      0x176 ..\obj\system_stm32f0xx_temp.o
 .debug_line    0x0000217e      0x2b9 ..\obj\stm32f0xx_gpio.o
 .debug_line    0x00002437      0x606 ..\obj\stm32f0xx_usart.o
 .debug_line    0x00002a3d      0xb0b ..\obj\stm32f0xx_tim.o

.debug_str      0x00000000     0x2e69
 .debug_str     0x00000000      0x540 ..\obj\pcd8544.o
                                0x5aa (size before relaxing)
 .debug_str     0x00000540       0x77 ..\obj\delay.o
                                0x1ca (size before relaxing)
 .debug_str     0x000005b7      0x56a ..\obj\stm32f0xx_rcc.o
                                0x733 (size before relaxing)
 .debug_str     0x00000b21       0xa9 ..\obj\soft1w.o
                                0x3fc (size before relaxing)
 .debug_str     0x00000bca      0x1ff ..\obj\bmp180.o
                                0x548 (size before relaxing)
 .debug_str     0x00000dc9      0x78f ..\obj\main.o
                                0xc5f (size before relaxing)
 .debug_str     0x00001558      0x386 ..\obj\stm32f0xx_spi.o
                                0x73b (size before relaxing)
 .debug_str     0x000018de      0x377 ..\obj\stm32f0xx_i2c.o
                                0x64e (size before relaxing)
 .debug_str     0x00001c55       0xb1 ..\obj\system_stm32f0xx_temp.o
                                0x299 (size before relaxing)
 .debug_str     0x00001d06      0x130 ..\obj\stm32f0xx_gpio.o
                                0x4af (size before relaxing)
 .debug_str     0x00001e36      0x5df ..\obj\stm32f0xx_usart.o
                                0x990 (size before relaxing)
 .debug_str     0x00002415      0xa54 ..\obj\stm32f0xx_tim.o
                                0xe09 (size before relaxing)

.comment        0x00000000       0x70
 .comment       0x00000000       0x70 ..\obj\pcd8544.o
                                 0x71 (size before relaxing)
 .comment       0x00000000       0x71 ..\obj\delay.o
 .comment       0x00000000       0x71 ..\obj\stm32f0xx_rcc.o
 .comment       0x00000000       0x71 ..\obj\soft1w.o
 .comment       0x00000000       0x71 ..\obj\bmp180.o
 .comment       0x00000000       0x71 ..\obj\main.o
 .comment       0x00000000       0x71 ..\obj\stm32f0xx_spi.o
 .comment       0x00000000       0x71 ..\obj\stm32f0xx_i2c.o
 .comment       0x00000000       0x71 ..\obj\system_stm32f0xx_temp.o
 .comment       0x00000000       0x71 ..\obj\stm32f0xx_gpio.o
 .comment       0x00000000       0x71 ..\obj\stm32f0xx_usart.o
 .comment       0x00000000       0x71 ..\obj\stm32f0xx_tim.o

.ARM.attributes
                0x00000000       0x2f
 .ARM.attributes
                0x00000000       0x31 ..\obj\pcd8544.o
 .ARM.attributes
                0x00000031       0x31 ..\obj\delay.o
 .ARM.attributes
                0x00000062       0x31 ..\obj\stm32f0xx_rcc.o
 .ARM.attributes
                0x00000093       0x31 ..\obj\soft1w.o
 .ARM.attributes
                0x000000c4       0x31 ..\obj\bmp180.o
 .ARM.attributes
                0x000000f5       0x31 ..\obj\main.o
 .ARM.attributes
                0x00000126       0x21 ..\obj\startup_stm32f0xx.o
 .ARM.attributes
                0x00000147       0x31 ..\obj\stm32f0xx_spi.o
 .ARM.attributes
                0x00000178       0x31 ..\obj\stm32f0xx_i2c.o
 .ARM.attributes
                0x000001a9       0x31 ..\obj\system_stm32f0xx_temp.o
 .ARM.attributes
                0x000001da       0x31 ..\obj\stm32f0xx_gpio.o
 .ARM.attributes
                0x0000020b       0x31 ..\obj\stm32f0xx_usart.o
 .ARM.attributes
                0x0000023c       0x31 ..\obj\stm32f0xx_tim.o
 .ARM.attributes
                0x0000026d       0x1e c:/gccavr/bin/../lib/gcc/arm-none-eabi/4.9.3/armv6-m\libgcc.a(_thumb1_case_uqi.o)
 .ARM.attributes
                0x0000028b       0x1e c:/gccavr/bin/../lib/gcc/arm-none-eabi/4.9.3/armv6-m\libgcc.a(_udivsi3.o)
 .ARM.attributes
                0x000002a9       0x1e c:/gccavr/bin/../lib/gcc/arm-none-eabi/4.9.3/armv6-m\libgcc.a(_divsi3.o)
 .ARM.attributes
                0x000002c7       0x1e c:/gccavr/bin/../lib/gcc/arm-none-eabi/4.9.3/armv6-m\libgcc.a(_dvmd_tls.o)
 .ARM.attributes
                0x000002e5       0x2c c:/gccavr/bin/../lib/gcc/arm-none-eabi/4.9.3/armv6-m\libgcc.a(_fixunssfsi.o)
 .ARM.attributes
                0x00000311       0x2c c:/gccavr/bin/../lib/gcc/arm-none-eabi/4.9.3/armv6-m\libgcc.a(mulsf3.o)
 .ARM.attributes
                0x0000033d       0x2c c:/gccavr/bin/../lib/gcc/arm-none-eabi/4.9.3/armv6-m\libgcc.a(subsf3.o)
 .ARM.attributes
                0x00000369       0x2c c:/gccavr/bin/../lib/gcc/arm-none-eabi/4.9.3/armv6-m\libgcc.a(fixsfsi.o)
 .ARM.attributes
                0x00000395       0x2c c:/gccavr/bin/../lib/gcc/arm-none-eabi/4.9.3/armv6-m\libgcc.a(floatsisf.o)
 .ARM.attributes
                0x000003c1       0x1e c:/gccavr/bin/../lib/gcc/arm-none-eabi/4.9.3/armv6-m\libgcc.a(_arm_cmpsf2.o)
 .ARM.attributes
                0x000003df       0x1e c:/gccavr/bin/../lib/gcc/arm-none-eabi/4.9.3/armv6-m\libgcc.a(_clzsi2.o)
 .ARM.attributes
                0x000003fd       0x2c c:/gccavr/bin/../lib/gcc/arm-none-eabi/4.9.3/armv6-m\libgcc.a(eqsf2.o)
 .ARM.attributes
                0x00000429       0x2c c:/gccavr/bin/../lib/gcc/arm-none-eabi/4.9.3/armv6-m\libgcc.a(gesf2.o)
 .ARM.attributes
                0x00000455       0x2c c:/gccavr/bin/../lib/gcc/arm-none-eabi/4.9.3/armv6-m\libgcc.a(lesf2.o)
 .ARM.attributes
                0x00000481       0x2c c:/gccavr/bin/../lib/gcc/arm-none-eabi/4.9.3/../../../../arm-none-eabi/lib/armv6-m\libg.a(lib_a-itoa.o)
 .ARM.attributes
                0x000004ad       0x2c c:/gccavr/bin/../lib/gcc/arm-none-eabi/4.9.3/../../../../arm-none-eabi/lib/armv6-m\libg.a(lib_a-strstr.o)
 .ARM.attributes
                0x000004d9       0x2c c:/gccavr/bin/../lib/gcc/arm-none-eabi/4.9.3/../../../../arm-none-eabi/lib/armv6-m\libg.a(lib_a-utoa.o)
 .ARM.attributes
                0x00000505       0x2c c:/gccavr/bin/../lib/gcc/arm-none-eabi/4.9.3/../../../../arm-none-eabi/lib/armv6-m\libg.a(lib_a-memchr.o)
 .ARM.attributes
                0x00000531       0x2c c:/gccavr/bin/../lib/gcc/arm-none-eabi/4.9.3/../../../../arm-none-eabi/lib/armv6-m\libg.a(lib_a-memcmp.o)
 .ARM.attributes
                0x0000055d       0x2c c:/gccavr/bin/../lib/gcc/arm-none-eabi/4.9.3/../../../../arm-none-eabi/lib/armv6-m\libg.a(lib_a-strchr.o)

.debug_frame    0x00000000     0x1c90
 .debug_frame   0x00000000      0x18c ..\obj\pcd8544.o
 .debug_frame   0x0000018c       0x40 ..\obj\delay.o
 .debug_frame   0x000001cc      0x2a8 ..\obj\stm32f0xx_rcc.o
 .debug_frame   0x00000474       0xe0 ..\obj\soft1w.o
 .debug_frame   0x00000554      0x120 ..\obj\bmp180.o
 .debug_frame   0x00000674      0x280 ..\obj\main.o
 .debug_frame   0x000008f4      0x22c ..\obj\stm32f0xx_spi.o
 .debug_frame   0x00000b20      0x2dc ..\obj\stm32f0xx_i2c.o
 .debug_frame   0x00000dfc       0x58 ..\obj\system_stm32f0xx_temp.o
 .debug_frame   0x00000e54      0x108 ..\obj\stm32f0xx_gpio.o
 .debug_frame   0x00000f5c      0x350 ..\obj\stm32f0xx_usart.o
 .debug_frame   0x000012ac      0x694 ..\obj\stm32f0xx_tim.o
 .debug_frame   0x00001940       0x20 c:/gccavr/bin/../lib/gcc/arm-none-eabi/4.9.3/armv6-m\libgcc.a(_udivsi3.o)
 .debug_frame   0x00001960       0x20 c:/gccavr/bin/../lib/gcc/arm-none-eabi/4.9.3/armv6-m\libgcc.a(_divsi3.o)
 .debug_frame   0x00001980       0x28 c:/gccavr/bin/../lib/gcc/arm-none-eabi/4.9.3/armv6-m\libgcc.a(_fixunssfsi.o)
 .debug_frame   0x000019a8       0x3c c:/gccavr/bin/../lib/gcc/arm-none-eabi/4.9.3/armv6-m\libgcc.a(mulsf3.o)
 .debug_frame   0x000019e4       0x30 c:/gccavr/bin/../lib/gcc/arm-none-eabi/4.9.3/armv6-m\libgcc.a(subsf3.o)
 .debug_frame   0x00001a14       0x20 c:/gccavr/bin/../lib/gcc/arm-none-eabi/4.9.3/armv6-m\libgcc.a(fixsfsi.o)
 .debug_frame   0x00001a34       0x2c c:/gccavr/bin/../lib/gcc/arm-none-eabi/4.9.3/armv6-m\libgcc.a(floatsisf.o)
 .debug_frame   0x00001a60       0x2c c:/gccavr/bin/../lib/gcc/arm-none-eabi/4.9.3/armv6-m\libgcc.a(eqsf2.o)
 .debug_frame   0x00001a8c       0x30 c:/gccavr/bin/../lib/gcc/arm-none-eabi/4.9.3/armv6-m\libgcc.a(gesf2.o)
 .debug_frame   0x00001abc       0x30 c:/gccavr/bin/../lib/gcc/arm-none-eabi/4.9.3/armv6-m\libgcc.a(lesf2.o)
 .debug_frame   0x00001aec       0x40 c:/gccavr/bin/../lib/gcc/arm-none-eabi/4.9.3/../../../../arm-none-eabi/lib/armv6-m\libg.a(lib_a-itoa.o)
 .debug_frame   0x00001b2c       0x8c c:/gccavr/bin/../lib/gcc/arm-none-eabi/4.9.3/../../../../arm-none-eabi/lib/armv6-m\libg.a(lib_a-strstr.o)
 .debug_frame   0x00001bb8       0x54 c:/gccavr/bin/../lib/gcc/arm-none-eabi/4.9.3/../../../../arm-none-eabi/lib/armv6-m\libg.a(lib_a-utoa.o)
 .debug_frame   0x00001c0c       0x2c c:/gccavr/bin/../lib/gcc/arm-none-eabi/4.9.3/../../../../arm-none-eabi/lib/armv6-m\libg.a(lib_a-memchr.o)
 .debug_frame   0x00001c38       0x2c c:/gccavr/bin/../lib/gcc/arm-none-eabi/4.9.3/../../../../arm-none-eabi/lib/armv6-m\libg.a(lib_a-memcmp.o)
 .debug_frame   0x00001c64       0x2c c:/gccavr/bin/../lib/gcc/arm-none-eabi/4.9.3/../../../../arm-none-eabi/lib/armv6-m\libg.a(lib_a-strchr.o)
